C51 COMPILER V9.60.0.0   KEY                                                               06/15/2021 02:48:44 PAGE 1   


C51 COMPILER V9.60.0.0, COMPILATION OF MODULE KEY
OBJECT MODULE PLACED IN .\Objects\Key.obj
COMPILER INVOKED BY: D:\Development\Keil_v5\C51\BIN\C51.EXE Application\Button\Key.c OMF2 OPTIMIZE(8,SPEED) BROWSE INCDI
                    -R(.\Application\Button;.\Application\DS18B20;.\Application\LCD1602;.\Application\SYS;.\Application\UART;.\Application) D
                    -EBUG PRINT(.\Listings\Key.lst) TABS(2) OBJECT(.\Objects\Key.obj)

line level    source

   1          #include <reg52.h>
   2          #include "key.h"
   3          #include "Sys.h"
   4          
   5          
   6          //按键处理函数
   7          //返回按键值
   8          //mode:0,不支持连续按;1,支持连续按;
   9          //0，没有任何按键按下
  10          //1，KEY0按下
  11          //2，KEY1按下
  12          //3，KEY2按下 
  13          //4，KEY3按下
  14          //注意此函数有响应优先级,KEY0>KEY1>KEY2>KEY3...!!
  15          uint8 Key_Scan(uint8 mode)//按键检测
  16          {
  17   1        static uint8 key_up=1;//按键按松开标志
  18   1        if(mode)key_up=1;  //支持连按     
  19   1        if(key_up&&(Key1==0||Key2==0||Key3==0))
  20   1        {
  21   2          delay_ms(10);//去抖动 
  22   2          key_up=0;
  23   2          if(Key1==0)return 1;
  24   2          else if(Key2==0)return 2;
  25   2          else if(Key3==0)return 3;
  26   2        }else if(Key1==1&&Key2==1&&Key3==1)key_up=1;
  27   1        return 0;// 无按键按下
  28   1      }
  29          


MODULE INFORMATION:   STATIC OVERLAYABLE
   CODE SIZE        =     62    ----
   CONSTANT SIZE    =   ----    ----
   XDATA SIZE       =   ----    ----
   PDATA SIZE       =   ----    ----
   DATA SIZE        =      1    ----
   IDATA SIZE       =   ----    ----
   BIT SIZE         =   ----    ----
   EDATA SIZE       =   ----    ----
   HDATA SIZE       =   ----    ----
   XDATA CONST SIZE =   ----    ----
   FAR CONST SIZE   =   ----    ----
END OF MODULE INFORMATION.


C51 COMPILATION COMPLETE.  0 WARNING(S),  0 ERROR(S)
