C51 COMPILER V9.60.0.0   SYS                                                               06/15/2021 02:48:44 PAGE 1   


C51 COMPILER V9.60.0.0, COMPILATION OF MODULE SYS
OBJECT MODULE PLACED IN .\Objects\Sys.obj
COMPILER INVOKED BY: D:\Development\Keil_v5\C51\BIN\C51.EXE Application\SYS\Sys.c OMF2 OPTIMIZE(8,SPEED) BROWSE INCDIR(.
                    -\Application\Button;.\Application\DS18B20;.\Application\LCD1602;.\Application\SYS;.\Application\UART;.\Application) DEBU
                    -G PRINT(.\Listings\Sys.lst) TABS(2) OBJECT(.\Objects\Sys.obj)

line level    source

   1          #include <reg52.h>
   2          #include "Sys.h"
   3          /***************************************************
   4          *               us延时子函数
   5          *            n=1时，约为11us
   6          ****************************************************/
   7          void delay_11us(uint16 n)
   8          {
   9   1        while (n--);
  10   1      }
  11          /***************************************************
  12          *               ms延时子函数
  13          *            n=1时，约为1ms
  14          ****************************************************/
  15          void delay_ms(uint16 n)
  16          {
  17   1        uint8 m=120;
  18   1        while (n--)
  19   1          while (m--);
  20   1      }


MODULE INFORMATION:   STATIC OVERLAYABLE
   CODE SIZE        =     32    ----
   CONSTANT SIZE    =   ----    ----
   XDATA SIZE       =   ----    ----
   PDATA SIZE       =   ----    ----
   DATA SIZE        =   ----    ----
   IDATA SIZE       =   ----    ----
   BIT SIZE         =   ----    ----
   EDATA SIZE       =   ----    ----
   HDATA SIZE       =   ----    ----
   XDATA CONST SIZE =   ----    ----
   FAR CONST SIZE   =   ----    ----
END OF MODULE INFORMATION.


C51 COMPILATION COMPLETE.  0 WARNING(S),  0 ERROR(S)
