C51 COMPILER V9.60.0.0   TASK                                                              06/15/2021 01:29:37 PAGE 1   


C51 COMPILER V9.60.0.0, COMPILATION OF MODULE TASK
OBJECT MODULE PLACED IN .\Objects\Task.obj
COMPILER INVOKED BY: D:\Development\Keil_v5\C51\BIN\C51.EXE Application\Task.c OMF2 OPTIMIZE(8,SPEED) BROWSE INCDIR(.\Ap
                    -plication\Button;.\Application\DS18B20;.\Application\LCD1602;.\Application\SYS;.\Application\UART;.\Application) DEBUG P
                    -RINT(.\Listings\Task.lst) TABS(2) OBJECT(.\Objects\Task.obj)

line level    source

   1          #include <reg52.h>
   2          #include "Sys.h"
   3          #include "stdio.h"//使用printf需要
   4          #include "DS18B20.h"
   5          #include "Uart.h"
   6          #include "LCD1602.h"
   7          #include "key.h"


MODULE INFORMATION:   STATIC OVERLAYABLE
   CODE SIZE        =   ----    ----
   CONSTANT SIZE    =   ----    ----
   XDATA SIZE       =   ----    ----
   PDATA SIZE       =   ----    ----
   DATA SIZE        =   ----    ----
   IDATA SIZE       =   ----    ----
   BIT SIZE         =   ----    ----
   EDATA SIZE       =   ----    ----
   HDATA SIZE       =   ----    ----
   XDATA CONST SIZE =   ----    ----
   FAR CONST SIZE   =   ----    ----
END OF MODULE INFORMATION.


C51 COMPILATION COMPLETE.  0 WARNING(S),  0 ERROR(S)
